<html>
<body>
<pre>
<h1>µVision Build Log</h1>
<h2>Tool Versions:</h2>
IDE-Version: µVision V5.28.0.0
Copyright (C) 2019 ARM Ltd and ARM Germany GmbH. All rights reserved.
License Information: nish uyrs, hello world, LIC=----
 
Tool Versions:
Toolchain:       MDK-Lite  Version: 5.28.0.0
Toolchain Path:  C:\Keil_v5\ARM\ARMCC\Bin
C Compiler:      Armcc.exe V5.06 update 6 (build 750)
Assembler:       Armasm.exe V5.06 update 6 (build 750)
Linker/Locator:  ArmLink.exe V5.06 update 6 (build 750)
Library Manager: ArmAr.exe V5.06 update 6 (build 750)
Hex Converter:   FromElf.exe V5.06 update 6 (build 750)
CPU DLL:         SARMCM3.DLL V5.28.0.0
Dialog DLL:      DCM.DLL V1.17.3.0
Target DLL:      STLink\ST-LINKIII-KEIL_SWO.dll V3.0.6.0
Dialog DLL:      TCM.DLL V1.36.2.0
 
<h2>Project:</h2>
C:\Users\Lenovo\Desktop\Thesis\NBIoT-UDP Elisa\UART_Timer_L476RG_BG96_Shield\MDK-ARM\UART_L476RG_BG96_Shield.uvprojx
Project File Date:  10/26/2019

<h2>Output:</h2>
*** Using Compiler 'V5.06 update 6 (build 750)', folder: 'C:\Keil_v5\ARM\ARMCC\Bin'
Rebuild target 'UART_L476RG_BG96_Shield'
compiling stm32l4xx_hal_i2c_ex.c...
compiling stm32l4xx_hal.c...
compiling stm32l4xx_hal_pwr_ex.c...
compiling stm32l4xx_hal_dma_ex.c...
compiling stm32l4xx_hal_gpio.c...
compiling stm32l4xx_hal_tim_ex.c...
compiling stm32l4xx_hal_uart_ex.c...
compiling stm32l4xx_hal_rcc.c...
compiling stm32l4xx_hal_flash.c...
compiling stm32l4xx_hal_flash_ex.c...
compiling stm32l4xx_hal_flash_ramfunc.c...
compiling stm32l4xx_hal_i2c.c...
compiling stm32l4xx_hal_pwr.c...
compiling stm32l4xx_hal_tim.c...
compiling stm32l4xx_hal_rcc_ex.c...
compiling stm32l4xx_hal_cortex.c...
compiling stm32l4xx_hal_uart.c...
compiling stm32l4xx_hal_dma.c...
compiling system_stm32l4xx.c...
compiling stm32l4xx_it.c...
compiling stm32l4xx_hal_msp.c...
compiling main.c...
../Src/main.c(240): warning:  #177-D: function "MX_TIM3_Init"  was declared but never referenced
  static void MX_TIM3_Init(void)
../Src/main.c: 1 warning, 0 errors
assembling startup_stm32l476xx.s...
compiling UART.c...
UART.c(100): warning:  #223-D: function "strlen" declared implicitly
  			HAL_UART_Transmit(&huart2,Rx_data,strlen(Rx_data),100);
UART.c(127): warning:  #1-D: last line of file ends without a newline
  }
UART.c: 2 warnings, 0 errors
compiling BG96.c...
BG96.c(26): warning:  #1295-D: Deprecated declaration BG96_Context_Check - give arg types
  int BG96_Context_Check();
BG96.c(28): warning:  #1295-D: Deprecated declaration BG96_Check_Internet - give arg types
  int BG96_Check_Internet();
BG96.c(53): warning:  #167-D: argument of type "uint8_t *" is incompatible with parameter of type "const char *"
  		char *c = strstr(EVB_Buffer,"Elisa"); //here is Carrier/operator name
BG96.c(143): warning:  #167-D: argument of type "uint8_t *" is incompatible with parameter of type "char *restrict"
  	tech = strtok(EVB_Buffer,"\r,\"");  // first call returns pointer
BG96.c(136): warning:  #550-D: variable "tech"  was set but never used
  	volatile char *tech, *mode1;
BG96.c(136): warning:  #550-D: variable "mode1"  was set but never used
  	volatile char *tech, *mode1;
BG96.c(162): warning:  #177-D: variable "ap"  was declared but never referenced
  	char sw=0,ap=0;
BG96.c(217): warning:  #167-D: argument of type "uint8_t *" is incompatible with parameter of type "const char *"
  		char *c = strstr(EVB_Buffer,"BG96");
BG96.c(247): warning:  #167-D: argument of type "uint8_t *" is incompatible with parameter of type "const char *"
  		char *c = strstr(EVB_Buffer,"BG96");
BG96.c(351): warning:  #167-D: argument of type "uint8_t *" is incompatible with parameter of type "const char *"
  		char *c = strstr(EVB_Buffer,"OK");
BG96.c(342): warning:  #177-D: variable "ap"  was declared but never referenced
  	char sw=0,ap=0;
BG96.c(385): warning:  #167-D: argument of type "uint8_t *" is incompatible with parameter of type "const char *"
  			char *c = strstr(EVB_Buffer,"+QIACT:");
BG96.c(379): warning:  #177-D: variable "sw"  was declared but never referenced
  	char sw=0,ap=0;
BG96.c(379): warning:  #177-D: variable "ap"  was declared but never referenced
  	char sw=0,ap=0;
BG96.c(427): warning:  #167-D: argument of type "char *" is incompatible with parameter of type "uint8_t *"
  	HAL_UART_Transmit(&huart2,data,strlen(data),1000);
BG96.c(438): warning:  #167-D: argument of type "uint8_t *" is incompatible with parameter of type "const char *"
  	char *c = strstr(EVB_Buffer,"+QIOPEN: 0,0");
BG96.c(467): warning:  #167-D: argument of type "char *" is incompatible with parameter of type "uint8_t *"
  	HAL_UART_Transmit(&huart1,data,strlen(data),1000);
BG96.c(484): warning:  #167-D: argument of type "uint8_t *" is incompatible with parameter of type "const char *"
  	char *c = strstr(EVB_Buffer,"+QPING: 0,"); // ping received
BG96.c(498): warning:  #1-D: last line of file ends without a newline
  }
BG96.c: 19 warnings, 0 errors
linking...
Program Size: Code=12780 RO-data=820 RW-data=48 ZI-data=1696  
"UART_L476RG_BG96_Shield\UART_L476RG_BG96_Shield.axf" - 0 Error(s), 22 Warning(s).

<h2>Software Packages used:</h2>

Package Vendor: ARM
                http://www.keil.com/pack/ARM.CMSIS.5.6.0.pack
                ARM.CMSIS.5.6.0
                CMSIS (Cortex Microcontroller Software Interface Standard)
   * Component: CORE Version: 5.3.0

Package Vendor: Keil
                http://www.keil.com/pack/Keil.STM32L4xx_DFP.2.2.0.pack
                Keil.STM32L4xx_DFP.2.2.0
                STMicroelectronics STM32L4 Series Device Support, Drivers and Examples

<h2>Collection of Component include folders:</h2>
  .\RTE\_UART_L476RG_BG96_Shield
  C:\Users\Lenovo\AppData\Local\Arm\Packs\ARM\CMSIS\5.6.0\CMSIS\Core\Include
  C:\Users\Lenovo\AppData\Local\Arm\Packs\Keil\STM32L4xx_DFP\2.2.0\Drivers\CMSIS\Device\ST\STM32L4xx\Include

<h2>Collection of Component Files used:</h2>

   * Component: ARM::CMSIS:CORE:5.3.0
Build Time Elapsed:  00:02:42
</pre>
</body>
</html>
